Ôû▓ Next.js 16.1.6 (Turbopack)
- Environments: .env.local

  Creating an optimized production build ...
Ô£ô Compiled successfully in 11.4s
  Running TypeScript ...
  Collecting page data using 7 workers ...
  Generating static pages using 7 workers (0/26) ...
  Generating static pages using 7 workers (6/26) 
node.exe : Error 
occurred prerendering 
page "/_not-found". 
Read more: https://next
js.org/docs/messages/pr
erender-error
At C:\Program Files\nod
ejs\npx.ps1:29 char:3
+   & $NODE_EXE 
$NPX_CLI_JS $args
+   ~~~~~~~~~~~~~~~~~~~
~~~~~~~~~~
    + CategoryInfo     
         : NotSpecifi  
  ed: (Error occurre   
 d ...prerender-err    
or:String) [], Rem    
oteException
    + FullyQualifiedEr 
   rorId : NativeComm  
  andError
 
Error: Invalid 
supabaseUrl: Must be a 
valid HTTP or HTTPS 
URL.
    at <unknown> (C:\Us
ers\LENOVO\Desktop\junk
journal\stitch\stitch\t
inystepsart-app\.next\s
erver\chunks\ssr\contex
t_ProductContext_tsx_8b
f40b9f._.js:37:43509)
    at new cf (C:\Users
\LENOVO\Desktop\junkjou
rnal\stitch\stitch\tiny
stepsart-app\.next\serv
er\chunks\ssr\context_P
roductContext_tsx_8bf40
b9f._.js:37:43691)
    at module 
evaluation (C:\Users\LE
NOVO\Desktop\junkjourna
l\stitch\stitch\tinyste
psart-app\.next\server\
chunks\ssr\context_Prod
uctContext_tsx_8bf40b9f
._.js:37:48029)
    at 
instantiateModule (C:\U
sers\LENOVO\Desktop\jun
kjournal\stitch\stitch\
tinystepsart-app\.next\
server\chunks\ssr\[turb
opack]_runtime.js:740:9
)
    at getOrInstantiate
ModuleFromParent (C:\Us
ers\LENOVO\Desktop\junk
journal\stitch\stitch\t
inystepsart-app\.next\s
erver\chunks\ssr\[turbo
pack]_runtime.js:763:12
)
    at Context.commonJs
Require [as r] (C:\User
s\LENOVO\Desktop\junkjo
urnal\stitch\stitch\tin
ystepsart-app\.next\ser
ver\chunks\ssr\[turbopa
ck]_runtime.js:249:12) 
{
  digest: '2469077393'
}
Export encountered an 
error on 
/_not-found/page: 
/_not-found, exiting 
the build.
Error occurred 
prerendering page 
"/help". Read more: htt
ps://nextjs.org/docs/me
ssages/prerender-error
Ô¿» Next.js build 
worker exited with 
code: 1 and signal: 
null
